10:12:02 **** Auto Build of configuration Debug for project ucos_openamp ****
make pre-build main-build 
a9-linaro-pre-build-step
' '
'Building file: ../src/helper.c'
'Invoking: ARM v7 gcc compiler'
arm-none-eabi-gcc -Wall -O0 -g3 -c -fmessage-length=0 -MT"src/helper.o" -mcpu=cortex-a9 -mfpu=vfpv3 -mfloat-abi=hard -I../../ucos_openamp_bsp/ps7_cortexa9_0/include -MMD -MP -MF"src/helper.d" -MT"src/helper.o" -o "src/helper.o" "../src/helper.c"
'Finished building: ../src/helper.c'
' '
'Building file: ../src/platform_info.c'
'Invoking: ARM v7 gcc compiler'
arm-none-eabi-gcc -Wall -O0 -g3 -c -fmessage-length=0 -MT"src/platform_info.o" -mcpu=cortex-a9 -mfpu=vfpv3 -mfloat-abi=hard -I../../ucos_openamp_bsp/ps7_cortexa9_0/include -MMD -MP -MF"src/platform_info.d" -MT"src/platform_info.o" -o "src/platform_info.o" "../src/platform_info.c"
'Finished building: ../src/platform_info.c'
' '
'Building file: ../src/rpmsg-echo.c'
'Invoking: ARM v7 gcc compiler'
arm-none-eabi-gcc -Wall -O0 -g3 -c -fmessage-length=0 -MT"src/rpmsg-echo.o" -mcpu=cortex-a9 -mfpu=vfpv3 -mfloat-abi=hard -I../../ucos_openamp_bsp/ps7_cortexa9_0/include -MMD -MP -MF"src/rpmsg-echo.d" -MT"src/rpmsg-echo.o" -o "src/rpmsg-echo.o" "../src/rpmsg-echo.c"
../src/rpmsg-echo.c: In function 'MainTask':
../src/rpmsg-echo.c:102:20: warning: passing argument 1 of 'platform_init' makes integer from pointer without a cast [-Wint-conversion]
  if (platform_init(NULL, NULL, &platform)) {
                    ^~~~
In file included from ../src/rpmsg-echo.c:9:
../src/platform_info.h:57:23: note: expected 'int' but argument is of type 'void *'
 int platform_init(int argc, char *argv[], void **platform);
                   ~~~~^~~~
'Finished building: ../src/rpmsg-echo.c'
' '
'Building file: ../src/rsc_table.c'
'Invoking: ARM v7 gcc compiler'
arm-none-eabi-gcc -Wall -O0 -g3 -c -fmessage-length=0 -MT"src/rsc_table.o" -mcpu=cortex-a9 -mfpu=vfpv3 -mfloat-abi=hard -I../../ucos_openamp_bsp/ps7_cortexa9_0/include -MMD -MP -MF"src/rsc_table.d" -MT"src/rsc_table.o" -o "src/rsc_table.o" "../src/rsc_table.c"
'Finished building: ../src/rsc_table.c'
' '
'Building file: ../src/zynq_a9_rproc.c'
'Invoking: ARM v7 gcc compiler'
arm-none-eabi-gcc -Wall -O0 -g3 -c -fmessage-length=0 -MT"src/zynq_a9_rproc.o" -mcpu=cortex-a9 -mfpu=vfpv3 -mfloat-abi=hard -I../../ucos_openamp_bsp/ps7_cortexa9_0/include -MMD -MP -MF"src/zynq_a9_rproc.d" -MT"src/zynq_a9_rproc.o" -o "src/zynq_a9_rproc.o" "../src/zynq_a9_rproc.c"
'Finished building: ../src/zynq_a9_rproc.c'
' '
'Building target: ucos_openamp.elf'
'Invoking: ARM v7 gcc linker'
arm-none-eabi-gcc -mcpu=cortex-a9 -mfpu=vfpv3 -mfloat-abi=hard -Wl,-build-id=none -specs=Xilinx.spec -Wl,-T -Wl,../src/lscript.ld -L../../ucos_openamp_bsp/ps7_cortexa9_0/lib -o "ucos_openamp.elf"  ./src/helper.o ./src/platform_info.o ./src/rpmsg-echo.o ./src/rsc_table.o ./src/zynq_a9_rproc.o   -Wl,--start-group,-lucos,-lgcc,-lc,--end-group -Wl,--start-group,-lucos,-lxil,-lmetal,-lopen_amp,-lgcc,-lc,--end-group -Wl,--start-group,-lucos,-lxil,-lmetal,-lgcc,-lc,--end-group -Wl,--start-group,-lucos,-lxil,-lgcc,-lc,--end-group
'Finished building target: ucos_openamp.elf'
' '
'Invoking: ARM v7 Print Size'
arm-none-eabi-size ucos_openamp.elf  |tee "ucos_openamp.elf.size"
   text	   data	    bss	    dec	    hex	filename
 137928	1052252	  38544	1228724	 12bfb4	ucos_openamp.elf
'Finished building: ucos_openamp.elf.size'
' '

10:12:05 Build Finished (took 2s.686ms)

